
Memory Configuration

Name             Origin             Length             Attributes
Mem              0x00000000         0x04000000         xrw
*default*        0x00000000         0xffffffff

Linker script and memory map

                0x00002710                . = 0x2710

.startup        0x00002710        0xc
 startup.o(.text)
 .text          0x00002710        0xc startup.o
                0x00002710                reset

.text           0x0000271c       0xd4
 *(.text)
 .text          0x0000271c       0x1c App.o
                0x0000271c                main
 .text          0x00002738       0x54 Uart.o
                0x00002738                uart_send_string
 *(.rodata)
 .rodata        0x0000278c       0x64 App.o
                0x0000278c                string_buffer2

.glue_7         0x000027f0        0x0
 .glue_7        0x000027f0        0x0 linker stubs

.glue_7t        0x000027f0        0x0
 .glue_7t       0x000027f0        0x0 linker stubs

.vfp11_veneer   0x000027f0        0x0
 .vfp11_veneer  0x000027f0        0x0 linker stubs

.v4_bx          0x000027f0        0x0
 .v4_bx         0x000027f0        0x0 linker stubs

.iplt           0x000027f0        0x0
 .iplt          0x000027f0        0x0 startup.o

.rel.dyn        0x000027f0        0x0
 .rel.iplt      0x000027f0        0x0 startup.o

.data           0x000027f0       0x64
 *(.data)
 .data          0x000027f0        0x0 startup.o
 .data          0x000027f0       0x64 App.o
                0x000027f0                string_buffer
 .data          0x00002854        0x0 Uart.o

.igot.plt       0x00002854        0x0
 .igot.plt      0x00002854        0x0 startup.o

.bss            0x00002854        0x0
 *(bss)
 *(COMMON)
 .bss           0x00002854        0x0 startup.o
 .bss           0x00002854        0x0 App.o
 .bss           0x00002854        0x0 Uart.o
                0x00003854                . = (. + 0x1000)
                0x00003854                stack_top = .
LOAD startup.o
LOAD App.o
LOAD Uart.o
OUTPUT(learn-in-depth.elf elf32-littlearm)

.ARM.attributes
                0x00000000       0x2e
 .ARM.attributes
                0x00000000       0x22 startup.o
 .ARM.attributes
                0x00000022       0x32 App.o
 .ARM.attributes
                0x00000054       0x32 Uart.o

.comment        0x00000000       0x7e
 .comment       0x00000000       0x7e App.o
                                 0x7f (size before relaxing)
 .comment       0x0000007e       0x7f Uart.o
