
Memory Configuration

Name             Origin             Length             Attributes
flash            0x08000000         0x00020000         xr
sram             0x20000000         0x00005000         xrw
*default*        0x00000000         0xffffffff

Linker script and memory map


.text           0x08000000      0x160
 *(.vectors*)
 .vectors       0x08000000       0x50 startup.o
 *(.text*)
 .text          0x08000050      0x104 Toggle_Led_STM32.o
                0x08000050                NMI_Handler
                0x08000068                H_fault_Handler
                0x08000080                main
 .text          0x08000154        0xc startup.o
 *(.rodata)
                0x08000160                _E_text = .

.glue_7         0x08000160        0x0
 .glue_7        0x08000160        0x0 linker stubs

.glue_7t        0x08000160        0x0
 .glue_7t       0x08000160        0x0 linker stubs

.vfp11_veneer   0x08000160        0x0
 .vfp11_veneer  0x08000160        0x0 linker stubs

.v4_bx          0x08000160        0x0
 .v4_bx         0x08000160        0x0 linker stubs

.iplt           0x08000160        0x0
 .iplt          0x08000160        0x0 Toggle_Led_STM32.o

.rel.dyn        0x08000160        0x0
 .rel.iplt      0x08000160        0x0 Toggle_Led_STM32.o

.data           0x20000000        0x0 load address 0x08000160
                0x20000000                _S_data = .
 *(.data)
 .data          0x20000000        0x0 Toggle_Led_STM32.o
 .data          0x20000000        0x0 startup.o
                0x20000000                . = ALIGN (0x4)
                0x20000000                _E_data = .

.igot.plt       0x20000000        0x0 load address 0x08000160
 .igot.plt      0x20000000        0x0 Toggle_Led_STM32.o

.bss            0x20000000     0x1000 load address 0x08000160
                0x20000000                _S_bss = .
 *(.bss*)
 .bss           0x20000000        0x0 Toggle_Led_STM32.o
 .bss           0x20000000        0x0 startup.o
                0x20000000                _E_bss = .
                0x20000000                . = ALIGN (0x4)
                0x20001000                . = (. + 0x1000)
 *fill*         0x20000000     0x1000 
                0x20001000                _stack_top = .
LOAD Toggle_Led_STM32.o
LOAD startup.o
OUTPUT(App.elf elf32-littlearm)

.debug_info     0x00000000      0x123
 .debug_info    0x00000000       0xfd Toggle_Led_STM32.o
 .debug_info    0x000000fd       0x26 startup.o

.debug_abbrev   0x00000000       0xa2
 .debug_abbrev  0x00000000       0x8e Toggle_Led_STM32.o
 .debug_abbrev  0x0000008e       0x14 startup.o

.debug_loc      0x00000000       0xb4
 .debug_loc     0x00000000       0xb4 Toggle_Led_STM32.o

.debug_aranges  0x00000000       0x40
 .debug_aranges
                0x00000000       0x20 Toggle_Led_STM32.o
 .debug_aranges
                0x00000020       0x20 startup.o

.debug_line     0x00000000      0x176
 .debug_line    0x00000000      0x13b Toggle_Led_STM32.o
 .debug_line    0x0000013b       0x3b startup.o

.debug_str      0x00000000      0x15a
 .debug_str     0x00000000      0x141 Toggle_Led_STM32.o
                                0x17e (size before relaxing)
 .debug_str     0x00000141       0x19 startup.o
                                 0x64 (size before relaxing)

.comment        0x00000000       0x7e
 .comment       0x00000000       0x7e Toggle_Led_STM32.o
                                 0x7f (size before relaxing)

.ARM.attributes
                0x00000000       0x30
 .ARM.attributes
                0x00000000       0x32 Toggle_Led_STM32.o
 .ARM.attributes
                0x00000032       0x22 startup.o

.debug_frame    0x00000000       0x68
 .debug_frame   0x00000000       0x68 Toggle_Led_STM32.o
